---
source: src/low_level.rs
expression: actual
---
b"PACK\0\0\0\x02\0\0\0\x03\xbb\0x\x9c\xcbH\xcd\xc9\xc9W(\xcf/\xcaI\x01\0\x1a\x0b\x04]\xaa\x02x\x9c\x01*\0\xd5\xff100644 helloworld.txt\0\x95\xd0\x9f+\x10\x15\x93G\xee\xceq9\x9a~.\x90~\xa3\xdfO<\r\x10\xd3\x90\tx\x9c\x8d\x8bK\n\x840\x10D\xf79E\xef\x07\x86\xe0'\x93\x86a\x98\xab\x94\xe9\x16\x03FEZ\xf0\xf8\nz\0kU\x0f\xde\xb3U\x95\xea\x1a\xbd\x84&\xb6\x80@\xb9\xfat\xa9\xe9R\xc51(\x18^b\x90V\x02\xb3\xc3f\xc3\xbc\x92\xee(\xcb\xa8\xf4\xbd\xcf\xbf\xe8;\xcd\xe5G\x9e^\xfe\x9c;\xa1d3}\xa0\xba<e\xcb\x18\xe9j\x0e\xf9\xdf._L\xcf-\x10\xa1\x87\xe6\x96\xf9\xf4!\xa5\xecZ\x9f[\xc6\xe4\xbd\x01"
