---
source: src/low_level.rs
expression: actual
---
b"\x9c\nx\x9c\x8d\x8b\xd1\n@@\x10E\xdf}\xc5xV\xb2\xb5X\xb5\xc9\xaflL\xad\xdam4\x8d\xf8|B$/\xee\xcb9\xdd:\xc2\x88P\xfc\\\xe2f\xf1\xc4p\xc1\x9e\xecpuq\n\x98\xf7\x14[P\x951\xba\xd1\xaa4\x90\x1d\xcd\xfe\xc6Q\x04\x19\x1e\xb3\xb7~\xe2\xfa\x15'\x1eC X\x88\xc3\x90n%S2R"
